exports[`Header renders correctly 1`] = `
<header>
  <h1>
    Header
  </h1>
  <nav
    className="nav">
    <img
      src="test-file-stub" />
    <ul>
      <li>
        <a
          onClick={[Function]}
          style={Object {}}>
          Home
        </a>
      </li>
      <li>
        <a
          onClick={[Function]}
          style={Object {}}>
          About
        </a>
      </li>
    </ul>
  </nav>
</header>
`;
