exports[`JsonResult renders correctly 1`] = `
<div>
  <h3>
    Results:
  </h3>
  <ul
    className="list-group">
    <li
      className="list-group-item">
      <h4
        className="list-group-item-heading">
        testTitle
      </h4>
      <p
        className="list-group-item-text">
        testBody
      </p>
    </li>
  </ul>
</div>
`;
